// Jest Snapshot v1, https://goo.gl/fbAQLP

exports[`Select ACT theme matches the snapshot 1`] = `
<div>
  <div
    aria-label="Select"
    class="MuiInputBase-root MuiOutlinedInput-root MuiInputBase-colorPrimary css-1spep9z-MuiInputBase-root-MuiOutlinedInput-root-MuiSelect-root"
  >
    <div
      aria-controls=":r0:"
      aria-expanded="false"
      aria-haspopup="listbox"
      aria-label="Select"
      class="MuiSelect-select MuiSelect-outlined MuiInputBase-input MuiOutlinedInput-input css-xnknkz-MuiSelect-select-MuiInputBase-input-MuiOutlinedInput-input"
      role="combobox"
      tabindex="0"
    >
      One
    </div>
    <input
      aria-hidden="true"
      aria-invalid="false"
      class="MuiSelect-nativeInput css-j0riat-MuiSelect-nativeInput"
      tabindex="-1"
      value="ONE"
    />
    <svg
      aria-hidden="true"
      class="MuiSvgIcon-root MuiSvgIcon-fontSizeMedium MuiSelect-icon MuiSelect-iconOutlined css-9wviix-MuiSvgIcon-root-MuiSelect-icon"
      data-testid="ArrowDropDownIcon"
      focusable="false"
      viewBox="0 0 24 24"
    >
      <path
        d="M7 10l5 5 5-5z"
      />
    </svg>
    <fieldset
      aria-hidden="true"
      class="MuiOutlinedInput-notchedOutline css-1ll44ll-MuiOutlinedInput-notchedOutline"
    >
      <legend
        class="css-w4cd9x"
      >
        <span
          aria-hidden="true"
          class="notranslate"
        >
          ​
        </span>
      </legend>
    </fieldset>
  </div>
</div>
`;

exports[`Select ACT_ET theme matches the snapshot 1`] = `
<div>
  <div
    aria-label="Select"
    class="MuiInputBase-root MuiOutlinedInput-root MuiInputBase-colorPrimary css-flwpyx-MuiInputBase-root-MuiOutlinedInput-root-MuiSelect-root"
  >
    <div
      aria-controls=":r1:"
      aria-expanded="false"
      aria-haspopup="listbox"
      aria-label="Select"
      class="MuiSelect-select MuiSelect-outlined MuiInputBase-input MuiOutlinedInput-input css-1ssob8j-MuiSelect-select-MuiInputBase-input-MuiOutlinedInput-input"
      role="combobox"
      tabindex="0"
    >
      One
    </div>
    <input
      aria-hidden="true"
      aria-invalid="false"
      class="MuiSelect-nativeInput css-j0riat-MuiSelect-nativeInput"
      tabindex="-1"
      value="ONE"
    />
    <svg
      aria-hidden="true"
      class="MuiSvgIcon-root MuiSvgIcon-fontSizeMedium MuiSelect-icon MuiSelect-iconOutlined css-1iw9ayg-MuiSvgIcon-root-MuiSelect-icon"
      data-testid="ArrowDropDownIcon"
      focusable="false"
      viewBox="0 0 24 24"
    >
      <path
        d="M7 10l5 5 5-5z"
      />
    </svg>
    <fieldset
      aria-hidden="true"
      class="MuiOutlinedInput-notchedOutline css-1ll44ll-MuiOutlinedInput-notchedOutline"
    >
      <legend
        class="css-w4cd9x"
      >
        <span
          aria-hidden="true"
          class="notranslate"
        >
          ​
        </span>
      </legend>
    </fieldset>
  </div>
</div>
`;

exports[`Select ENCOURA theme matches the snapshot 1`] = `
<div>
  <div
    aria-label="Select"
    class="MuiInputBase-root MuiOutlinedInput-root MuiInputBase-colorPrimary css-1q792gs-MuiInputBase-root-MuiOutlinedInput-root-MuiSelect-root"
  >
    <div
      aria-controls=":r2:"
      aria-expanded="false"
      aria-haspopup="listbox"
      aria-label="Select"
      class="MuiSelect-select MuiSelect-outlined MuiInputBase-input MuiOutlinedInput-input css-1lz1j9y-MuiSelect-select-MuiInputBase-input-MuiOutlinedInput-input"
      role="combobox"
      tabindex="0"
    >
      One
    </div>
    <input
      aria-hidden="true"
      aria-invalid="false"
      class="MuiSelect-nativeInput css-j0riat-MuiSelect-nativeInput"
      tabindex="-1"
      value="ONE"
    />
    <svg
      aria-hidden="true"
      class="MuiSvgIcon-root MuiSvgIcon-fontSizeMedium MuiSelect-icon MuiSelect-iconOutlined css-1p4sevb-MuiSvgIcon-root-MuiSelect-icon"
      data-testid="ChevronDownIcon"
      focusable="false"
      viewBox="0 0 24 24"
    >
      <path
        d="M7.41,8.58L12,13.17L16.59,8.58L18,10L12,16L6,10L7.41,8.58Z"
      />
    </svg>
    <fieldset
      aria-hidden="true"
      class="MuiOutlinedInput-notchedOutline css-1ll44ll-MuiOutlinedInput-notchedOutline"
    >
      <legend
        class="css-w4cd9x"
      >
        <span
          aria-hidden="true"
          class="notranslate"
        >
          ​
        </span>
      </legend>
    </fieldset>
  </div>
</div>
`;

exports[`Select ENCOURA_CLASSIC theme matches the snapshot 1`] = `
<div>
  <div
    aria-label="Select"
    class="MuiInputBase-root MuiOutlinedInput-root MuiInputBase-colorPrimary css-1pyh9zf-MuiInputBase-root-MuiOutlinedInput-root-MuiSelect-root"
  >
    <div
      aria-controls=":r3:"
      aria-expanded="false"
      aria-haspopup="listbox"
      aria-label="Select"
      class="MuiSelect-select MuiSelect-outlined MuiInputBase-input MuiOutlinedInput-input css-ss71v3-MuiSelect-select-MuiInputBase-input-MuiOutlinedInput-input"
      role="combobox"
      tabindex="0"
    >
      One
    </div>
    <input
      aria-hidden="true"
      aria-invalid="false"
      class="MuiSelect-nativeInput css-j0riat-MuiSelect-nativeInput"
      tabindex="-1"
      value="ONE"
    />
    <svg
      aria-hidden="true"
      class="MuiSvgIcon-root MuiSvgIcon-fontSizeMedium MuiSelect-icon MuiSelect-iconOutlined css-19a9gm7-MuiSvgIcon-root-MuiSelect-icon"
      data-testid="ChevronDownIcon"
      focusable="false"
      viewBox="0 0 24 24"
    >
      <path
        d="M7.41,8.58L12,13.17L16.59,8.58L18,10L12,16L6,10L7.41,8.58Z"
      />
    </svg>
    <fieldset
      aria-hidden="true"
      class="MuiOutlinedInput-notchedOutline css-1ll44ll-MuiOutlinedInput-notchedOutline"
    >
      <legend
        class="css-w4cd9x"
      >
        <span
          aria-hidden="true"
          class="notranslate"
        >
          ​
        </span>
      </legend>
    </fieldset>
  </div>
</div>
`;

exports[`Select ENCOURAGE theme matches the snapshot 1`] = `
<div>
  <div
    aria-label="Select"
    class="MuiInputBase-root MuiOutlinedInput-root MuiInputBase-colorPrimary css-h2zhlp-MuiInputBase-root-MuiOutlinedInput-root-MuiSelect-root"
  >
    <div
      aria-controls=":r4:"
      aria-expanded="false"
      aria-haspopup="listbox"
      aria-label="Select"
      class="MuiSelect-select MuiSelect-outlined MuiInputBase-input MuiOutlinedInput-input css-1momcb5-MuiSelect-select-MuiInputBase-input-MuiOutlinedInput-input"
      role="combobox"
      tabindex="0"
    >
      One
    </div>
    <input
      aria-hidden="true"
      aria-invalid="false"
      class="MuiSelect-nativeInput css-j0riat-MuiSelect-nativeInput"
      tabindex="-1"
      value="ONE"
    />
    <svg
      aria-hidden="true"
      class="MuiSvgIcon-root MuiSvgIcon-fontSizeMedium MuiSelect-icon MuiSelect-iconOutlined css-wqvhpi-MuiSvgIcon-root-MuiSelect-icon"
      data-testid="ArrowDropDownIcon"
      focusable="false"
      viewBox="0 0 24 24"
    >
      <path
        d="M7 10l5 5 5-5z"
      />
    </svg>
    <fieldset
      aria-hidden="true"
      class="MuiOutlinedInput-notchedOutline css-1ll44ll-MuiOutlinedInput-notchedOutline"
    >
      <legend
        class="css-w4cd9x"
      >
        <span
          aria-hidden="true"
          class="notranslate"
        >
          ​
        </span>
      </legend>
    </fieldset>
  </div>
</div>
`;

exports[`Select ENCOURAGE_E4E theme matches the snapshot 1`] = `
<div>
  <div
    aria-label="Select"
    class="MuiInputBase-root MuiOutlinedInput-root MuiInputBase-colorPrimary css-mvdw8r-MuiInputBase-root-MuiOutlinedInput-root-MuiSelect-root"
  >
    <div
      aria-controls=":r5:"
      aria-expanded="false"
      aria-haspopup="listbox"
      aria-label="Select"
      class="MuiSelect-select MuiSelect-outlined MuiInputBase-input MuiOutlinedInput-input css-xezfm9-MuiSelect-select-MuiInputBase-input-MuiOutlinedInput-input"
      role="combobox"
      tabindex="0"
    >
      One
    </div>
    <input
      aria-hidden="true"
      aria-invalid="false"
      class="MuiSelect-nativeInput css-j0riat-MuiSelect-nativeInput"
      tabindex="-1"
      value="ONE"
    />
    <svg
      aria-hidden="true"
      class="MuiSvgIcon-root MuiSvgIcon-fontSizeMedium MuiSelect-icon MuiSelect-iconOutlined css-h5r8xo-MuiSvgIcon-root-MuiSelect-icon"
      data-testid="ArrowDropDownIcon"
      focusable="false"
      viewBox="0 0 24 24"
    >
      <path
        d="M7 10l5 5 5-5z"
      />
    </svg>
    <fieldset
      aria-hidden="true"
      class="MuiOutlinedInput-notchedOutline css-1ll44ll-MuiOutlinedInput-notchedOutline"
    >
      <legend
        class="css-w4cd9x"
      >
        <span
          aria-hidden="true"
          class="notranslate"
        >
          ​
        </span>
      </legend>
    </fieldset>
  </div>
</div>
`;
