// Jest Snapshot v1, https://goo.gl/fbAQLP

exports[`Dialog ACT theme matches the snapshot 1`] = `
<div
  aria-hidden="true"
/>
`;

exports[`Dialog ACT_ET theme matches the snapshot 1`] = `
<div
  aria-hidden="true"
/>
`;

exports[`Dialog ENCOURA_CLASSIC theme matches the snapshot 1`] = `
<div
  aria-hidden="true"
/>
`;

exports[`Dialog ENCOURAGE theme matches the snapshot 1`] = `
<div
  aria-hidden="true"
/>
`;
