// Jest Snapshot v1, https://goo.gl/fbAQLP

exports[`Map ACT theme matches the snapshot 1`] = `
<div>
  <div
    class="css-1xmgghu"
    style="height: 388px; width: 100%;"
  >
    <div
      style="position: relative; width: 100%; height: 100%;"
    />
  </div>
</div>
`;

exports[`Map ACT_ET theme matches the snapshot 1`] = `
<div>
  <div
    class="css-1xmgghu"
    style="height: 388px; width: 100%;"
  >
    <div
      style="position: relative; width: 100%; height: 100%;"
    />
  </div>
</div>
`;

exports[`Map ENCOURA theme matches the snapshot 1`] = `
<div>
  <div
    class="css-1xmgghu"
    style="height: 388px; width: 100%;"
  >
    <div
      style="position: relative; width: 100%; height: 100%;"
    />
  </div>
</div>
`;

exports[`Map ENCOURA_CLASSIC theme matches the snapshot 1`] = `
<div>
  <div
    class="css-1xmgghu"
    style="height: 388px; width: 100%;"
  >
    <div
      style="position: relative; width: 100%; height: 100%;"
    />
  </div>
</div>
`;

exports[`Map ENCOURAGE theme matches the snapshot 1`] = `
<div>
  <div
    class="css-1xmgghu"
    style="height: 388px; width: 100%;"
  >
    <div
      style="position: relative; width: 100%; height: 100%;"
    />
  </div>
</div>
`;

exports[`Map ENCOURAGE_E4E theme matches the snapshot 1`] = `
<div>
  <div
    class="css-1xmgghu"
    style="height: 388px; width: 100%;"
  >
    <div
      style="position: relative; width: 100%; height: 100%;"
    />
  </div>
</div>
`;
