// Jest Snapshot v1, https://goo.gl/fbAQLP

exports[`Button ACT theme matches the snapshot 1`] = `
<div>
  <button
    class="MuiButtonBase-root MuiButton-root MuiButton-contained MuiButton-containedPrimary MuiButton-disableElevation"
    tabindex="0"
    type="button"
  >
    <span
      class="MuiButton-label"
    >
      Click me
    </span>
    <span
      class="MuiTouchRipple-root"
    />
  </button>
</div>
`;

exports[`Button ACT_ET theme matches the snapshot 1`] = `
<div>
  <button
    class="MuiButtonBase-root MuiButton-root MuiButton-outlined MuiButton-outlinedPrimary"
    tabindex="0"
    type="button"
  >
    <span
      class="MuiButton-label"
    >
      Click me
    </span>
    <span
      class="MuiTouchRipple-root"
    />
  </button>
</div>
`;

exports[`Button ENCOURA_DATALAB theme matches the snapshot 1`] = `
<div>
  <button
    class="MuiButtonBase-root MuiButton-root MuiButton-contained MuiButton-containedPrimary MuiButton-disableElevation"
    tabindex="0"
    type="button"
  >
    <span
      class="MuiButton-label"
    >
      Click me
    </span>
    <span
      class="MuiTouchRipple-root"
    />
  </button>
</div>
`;
