// Jest Snapshot v1, https://goo.gl/fbAQLP

exports[`OverlappedBarChart ACT theme matches the snapshot 1`] = `
<div>
  <div
    class="css-1qmgcjh"
    height="315"
    tabindex="0"
    width="100%"
  >
    <div
      class="recharts-responsive-container css-qijoe9"
      style="width: 100%; height: 315px; min-width: 0;"
    />
  </div>
</div>
`;

exports[`OverlappedBarChart ACT_ET theme matches the snapshot 1`] = `
<div>
  <div
    class="css-1qmgcjh"
    height="315"
    tabindex="0"
    width="100%"
  >
    <div
      class="recharts-responsive-container css-qijoe9"
      style="width: 100%; height: 315px; min-width: 0;"
    />
  </div>
</div>
`;

exports[`OverlappedBarChart ENCOURA theme matches the snapshot 1`] = `
<div>
  <div
    class="css-1qmgcjh"
    height="315"
    tabindex="0"
    width="100%"
  >
    <div
      class="recharts-responsive-container css-qijoe9"
      style="width: 100%; height: 315px; min-width: 0;"
    />
  </div>
</div>
`;

exports[`OverlappedBarChart ENCOURA_CLASSIC theme matches the snapshot 1`] = `
<div>
  <div
    class="css-1qmgcjh"
    height="315"
    tabindex="0"
    width="100%"
  >
    <div
      class="recharts-responsive-container css-qijoe9"
      style="width: 100%; height: 315px; min-width: 0;"
    />
  </div>
</div>
`;

exports[`OverlappedBarChart ENCOURAGE theme matches the snapshot 1`] = `
<div>
  <div
    class="css-1qmgcjh"
    height="315"
    tabindex="0"
    width="100%"
  >
    <div
      class="recharts-responsive-container css-qijoe9"
      style="width: 100%; height: 315px; min-width: 0;"
    />
  </div>
</div>
`;
