// Jest Snapshot v1, https://goo.gl/fbAQLP

exports[`Autocomplete ACT theme matches the snapshot 1`] = `
<div>
  <div
    class="MuiAutocomplete-root MuiAutocomplete-hasPopupIcon css-2xefxx-MuiAutocomplete-root"
  >
    <div
      class="MuiFormControl-root MuiFormControl-fullWidth MuiTextField-root css-1c6ixt2-MuiFormControl-root-MuiTextField-root"
    >
      <label
        class="MuiFormLabel-root MuiInputLabel-root MuiInputLabel-formControl MuiInputLabel-animated MuiInputLabel-sizeSmall MuiInputLabel-outlined MuiFormLabel-colorPrimary MuiInputLabel-root MuiInputLabel-formControl MuiInputLabel-animated MuiInputLabel-sizeSmall MuiInputLabel-outlined css-8kmsz3-MuiFormLabel-root-MuiInputLabel-root"
        data-shrink="false"
        for="combo-box-demo"
        id="combo-box-demo-label"
      >
        Movie
      </label>
      <div
        class="MuiInputBase-root MuiOutlinedInput-root MuiInputBase-colorPrimary MuiInputBase-fullWidth MuiInputBase-formControl MuiInputBase-sizeSmall MuiInputBase-adornedEnd MuiAutocomplete-inputRoot css-1rgajvl-MuiInputBase-root-MuiOutlinedInput-root"
      >
        <input
          aria-autocomplete="list"
          aria-expanded="false"
          aria-invalid="false"
          autocapitalize="none"
          autocomplete="off"
          class="MuiInputBase-input MuiOutlinedInput-input MuiInputBase-inputSizeSmall MuiInputBase-inputAdornedEnd MuiAutocomplete-input MuiAutocomplete-inputFocused css-voysyd-MuiInputBase-input-MuiOutlinedInput-input"
          id="combo-box-demo"
          role="combobox"
          spellcheck="false"
          type="text"
          value=""
        />
        <div
          class="MuiAutocomplete-endAdornment css-1uhhrmm-MuiAutocomplete-endAdornment"
        >
          <button
            aria-label="Open"
            class="MuiButtonBase-root MuiIconButton-root MuiIconButton-colorPrimary MuiIconButton-sizeMedium MuiAutocomplete-popupIndicator css-1ujqb5w-MuiButtonBase-root-MuiIconButton-root-MuiAutocomplete-popupIndicator"
            color="primary"
            id=":r2:"
            tabindex="-1"
            title="Open"
            type="button"
          >
            <svg
              aria-hidden="true"
              class="MuiSvgIcon-root MuiSvgIcon-fontSizeMedium css-z0t891-MuiSvgIcon-root"
              data-testid="ArrowDropDownIcon"
              focusable="false"
              viewBox="0 0 24 24"
            >
              <path
                d="M7 10l5 5 5-5z"
              />
            </svg>
          </button>
        </div>
        <fieldset
          aria-hidden="true"
          class="MuiOutlinedInput-notchedOutline css-1ll44ll-MuiOutlinedInput-notchedOutline"
        >
          <legend
            class="css-81qg8w"
          >
            <span>
              Movie
            </span>
          </legend>
        </fieldset>
      </div>
    </div>
  </div>
</div>
`;

exports[`Autocomplete ACT_ET theme matches the snapshot 1`] = `
<div>
  <div
    class="MuiAutocomplete-root MuiAutocomplete-hasPopupIcon css-2xefxx-MuiAutocomplete-root"
  >
    <div
      class="MuiFormControl-root MuiFormControl-fullWidth MuiTextField-root css-1c6ixt2-MuiFormControl-root-MuiTextField-root"
    >
      <label
        class="MuiFormLabel-root MuiInputLabel-root MuiInputLabel-formControl MuiInputLabel-animated MuiInputLabel-sizeSmall MuiInputLabel-outlined MuiFormLabel-colorPrimary MuiInputLabel-root MuiInputLabel-formControl MuiInputLabel-animated MuiInputLabel-sizeSmall MuiInputLabel-outlined css-1795byt-MuiFormLabel-root-MuiInputLabel-root"
        data-shrink="false"
        for="combo-box-demo"
        id="combo-box-demo-label"
      >
        Movie
      </label>
      <div
        class="MuiInputBase-root MuiOutlinedInput-root MuiInputBase-colorPrimary MuiInputBase-fullWidth MuiInputBase-formControl MuiInputBase-sizeSmall MuiInputBase-adornedEnd MuiAutocomplete-inputRoot css-1261clt-MuiInputBase-root-MuiOutlinedInput-root"
      >
        <input
          aria-autocomplete="list"
          aria-expanded="false"
          aria-invalid="false"
          autocapitalize="none"
          autocomplete="off"
          class="MuiInputBase-input MuiOutlinedInput-input MuiInputBase-inputSizeSmall MuiInputBase-inputAdornedEnd MuiAutocomplete-input MuiAutocomplete-inputFocused css-sfpezy-MuiInputBase-input-MuiOutlinedInput-input"
          id="combo-box-demo"
          role="combobox"
          spellcheck="false"
          type="text"
          value=""
        />
        <div
          class="MuiAutocomplete-endAdornment css-1uhhrmm-MuiAutocomplete-endAdornment"
        >
          <button
            aria-label="Open"
            class="MuiButtonBase-root MuiIconButton-root MuiIconButton-sizeMedium MuiAutocomplete-popupIndicator css-1h3xlqe-MuiButtonBase-root-MuiIconButton-root-MuiAutocomplete-popupIndicator"
            id=":r5:"
            tabindex="-1"
            title="Open"
            type="button"
          >
            <svg
              aria-hidden="true"
              class="MuiSvgIcon-root MuiSvgIcon-fontSizeMedium css-1k6szzt-MuiSvgIcon-root"
              data-testid="ArrowDropDownIcon"
              focusable="false"
              viewBox="0 0 24 24"
            >
              <path
                d="M7 10l5 5 5-5z"
              />
            </svg>
          </button>
        </div>
        <fieldset
          aria-hidden="true"
          class="MuiOutlinedInput-notchedOutline css-1ll44ll-MuiOutlinedInput-notchedOutline"
        >
          <legend
            class="css-81qg8w"
          >
            <span>
              Movie
            </span>
          </legend>
        </fieldset>
      </div>
    </div>
  </div>
</div>
`;

exports[`Autocomplete ENCOURA theme matches the snapshot 1`] = `
<div>
  <div
    class="MuiAutocomplete-root MuiAutocomplete-hasPopupIcon css-2xefxx-MuiAutocomplete-root"
  >
    <div
      class="MuiFormControl-root MuiFormControl-fullWidth MuiTextField-root css-ercmwt-MuiFormControl-root-MuiTextField-root"
    >
      <label
        class="MuiFormLabel-root MuiInputLabel-root MuiInputLabel-formControl MuiInputLabel-animated MuiInputLabel-sizeSmall MuiInputLabel-outlined MuiFormLabel-colorSecondary MuiInputLabel-root MuiInputLabel-formControl MuiInputLabel-animated MuiInputLabel-sizeSmall MuiInputLabel-outlined css-883kwy-MuiFormLabel-root-MuiInputLabel-root"
        data-shrink="false"
        for="combo-box-demo"
        id="combo-box-demo-label"
      >
        Movie
      </label>
      <div
        class="MuiInputBase-root MuiOutlinedInput-root MuiInputBase-colorSecondary MuiInputBase-fullWidth MuiInputBase-formControl MuiInputBase-sizeSmall MuiInputBase-adornedEnd MuiAutocomplete-inputRoot css-9glzvr-MuiInputBase-root-MuiOutlinedInput-root"
      >
        <input
          aria-autocomplete="list"
          aria-expanded="false"
          aria-invalid="false"
          autocapitalize="none"
          autocomplete="off"
          class="MuiInputBase-input MuiOutlinedInput-input MuiInputBase-inputSizeSmall MuiInputBase-inputAdornedEnd MuiAutocomplete-input MuiAutocomplete-inputFocused css-dwxc8u-MuiInputBase-input-MuiOutlinedInput-input"
          id="combo-box-demo"
          role="combobox"
          spellcheck="false"
          type="text"
          value=""
        />
        <div
          class="MuiAutocomplete-endAdornment css-1uhhrmm-MuiAutocomplete-endAdornment"
        >
          <button
            aria-label="Open"
            class="MuiButtonBase-root MuiIconButton-root MuiIconButton-sizeMedium MuiAutocomplete-popupIndicator css-1h3xlqe-MuiButtonBase-root-MuiIconButton-root-MuiAutocomplete-popupIndicator"
            id=":r8:"
            tabindex="-1"
            title="Open"
            type="button"
          >
            <svg
              aria-hidden="true"
              class="MuiSvgIcon-root MuiSvgIcon-fontSizeMedium css-10r9l3z-MuiSvgIcon-root"
              data-testid="ArrowDropDownIcon"
              focusable="false"
              viewBox="0 0 24 24"
            >
              <path
                d="M7 10l5 5 5-5z"
              />
            </svg>
          </button>
        </div>
        <fieldset
          aria-hidden="true"
          class="MuiOutlinedInput-notchedOutline css-1ll44ll-MuiOutlinedInput-notchedOutline"
        >
          <legend
            class="css-81qg8w"
          >
            <span>
              Movie
            </span>
          </legend>
        </fieldset>
      </div>
    </div>
  </div>
</div>
`;

exports[`Autocomplete ENCOURA_CLASSIC theme matches the snapshot 1`] = `
<div>
  <div
    class="MuiAutocomplete-root MuiAutocomplete-hasPopupIcon css-2xefxx-MuiAutocomplete-root"
  >
    <div
      class="MuiFormControl-root MuiFormControl-fullWidth MuiTextField-root css-1c6ixt2-MuiFormControl-root-MuiTextField-root"
    >
      <label
        class="MuiFormLabel-root MuiInputLabel-root MuiInputLabel-formControl MuiInputLabel-animated MuiInputLabel-sizeSmall MuiInputLabel-outlined MuiFormLabel-colorSecondary MuiInputLabel-root MuiInputLabel-formControl MuiInputLabel-animated MuiInputLabel-sizeSmall MuiInputLabel-outlined css-wwiea6-MuiFormLabel-root-MuiInputLabel-root"
        data-shrink="false"
        for="combo-box-demo"
        id="combo-box-demo-label"
      >
        Movie
      </label>
      <div
        class="MuiInputBase-root MuiOutlinedInput-root MuiInputBase-colorSecondary MuiInputBase-fullWidth MuiInputBase-formControl MuiInputBase-sizeSmall MuiInputBase-adornedEnd MuiAutocomplete-inputRoot css-1kd6l03-MuiInputBase-root-MuiOutlinedInput-root"
      >
        <input
          aria-autocomplete="list"
          aria-expanded="false"
          aria-invalid="false"
          autocapitalize="none"
          autocomplete="off"
          class="MuiInputBase-input MuiOutlinedInput-input MuiInputBase-inputSizeSmall MuiInputBase-inputAdornedEnd MuiAutocomplete-input MuiAutocomplete-inputFocused css-sfpezy-MuiInputBase-input-MuiOutlinedInput-input"
          id="combo-box-demo"
          role="combobox"
          spellcheck="false"
          type="text"
          value=""
        />
        <div
          class="MuiAutocomplete-endAdornment css-1uhhrmm-MuiAutocomplete-endAdornment"
        >
          <button
            aria-label="Open"
            class="MuiButtonBase-root MuiIconButton-root MuiIconButton-sizeMedium MuiAutocomplete-popupIndicator css-1h3xlqe-MuiButtonBase-root-MuiIconButton-root-MuiAutocomplete-popupIndicator"
            id=":rb:"
            tabindex="-1"
            title="Open"
            type="button"
          >
            <svg
              aria-hidden="true"
              class="MuiSvgIcon-root MuiSvgIcon-fontSizeMedium css-10r9l3z-MuiSvgIcon-root"
              data-testid="ArrowDropDownIcon"
              focusable="false"
              viewBox="0 0 24 24"
            >
              <path
                d="M7 10l5 5 5-5z"
              />
            </svg>
          </button>
        </div>
        <fieldset
          aria-hidden="true"
          class="MuiOutlinedInput-notchedOutline css-1ll44ll-MuiOutlinedInput-notchedOutline"
        >
          <legend
            class="css-81qg8w"
          >
            <span>
              Movie
            </span>
          </legend>
        </fieldset>
      </div>
    </div>
  </div>
</div>
`;

exports[`Autocomplete ENCOURAGE theme matches the snapshot 1`] = `
<div>
  <div
    class="MuiAutocomplete-root MuiAutocomplete-hasPopupIcon css-ojnxmj-MuiAutocomplete-root"
  >
    <div
      class="MuiFormControl-root MuiFormControl-fullWidth MuiTextField-root css-1k1sd9d-MuiFormControl-root-MuiTextField-root"
    >
      <label
        class="MuiFormLabel-root MuiInputLabel-root MuiInputLabel-formControl MuiInputLabel-animated MuiInputLabel-sizeSmall MuiInputLabel-outlined MuiFormLabel-colorPrimary MuiInputLabel-root MuiInputLabel-formControl MuiInputLabel-animated MuiInputLabel-sizeSmall MuiInputLabel-outlined css-1elk8gl-MuiFormLabel-root-MuiInputLabel-root"
        data-shrink="false"
        for="combo-box-demo"
        id="combo-box-demo-label"
      >
        Movie
      </label>
      <div
        class="MuiInputBase-root MuiOutlinedInput-root MuiInputBase-colorPrimary MuiInputBase-fullWidth MuiInputBase-formControl MuiInputBase-sizeSmall MuiInputBase-adornedEnd MuiAutocomplete-inputRoot css-1u4xxxx-MuiInputBase-root-MuiOutlinedInput-root"
      >
        <input
          aria-autocomplete="list"
          aria-expanded="false"
          aria-invalid="false"
          autocapitalize="none"
          autocomplete="off"
          class="MuiInputBase-input MuiOutlinedInput-input MuiInputBase-inputSizeSmall MuiInputBase-inputAdornedEnd MuiAutocomplete-input MuiAutocomplete-inputFocused css-84k6kg-MuiInputBase-input-MuiOutlinedInput-input"
          id="combo-box-demo"
          role="combobox"
          spellcheck="false"
          type="text"
          value=""
        />
        <div
          class="MuiAutocomplete-endAdornment css-1ms4ccf-MuiAutocomplete-endAdornment"
        >
          <button
            aria-label="Open"
            class="MuiButtonBase-root MuiIconButton-root MuiIconButton-sizeMedium MuiAutocomplete-popupIndicator css-1d3av79-MuiButtonBase-root-MuiIconButton-root-MuiAutocomplete-popupIndicator"
            id=":re:"
            tabindex="-1"
            title="Open"
            type="button"
          >
            <svg
              aria-hidden="true"
              class="MuiSvgIcon-root MuiSvgIcon-fontSizeMedium css-1k6szzt-MuiSvgIcon-root"
              data-testid="ArrowDropDownIcon"
              focusable="false"
              viewBox="0 0 24 24"
            >
              <path
                d="M7 10l5 5 5-5z"
              />
            </svg>
          </button>
        </div>
        <fieldset
          aria-hidden="true"
          class="MuiOutlinedInput-notchedOutline css-1ll44ll-MuiOutlinedInput-notchedOutline"
        >
          <legend
            class="css-81qg8w"
          >
            <span>
              Movie
            </span>
          </legend>
        </fieldset>
      </div>
    </div>
  </div>
</div>
`;

exports[`Autocomplete ENCOURAGE_E4E theme matches the snapshot 1`] = `
<div>
  <div
    class="MuiAutocomplete-root MuiAutocomplete-hasPopupIcon css-1jh48fd-MuiAutocomplete-root"
  >
    <div
      class="MuiFormControl-root MuiFormControl-fullWidth MuiTextField-root css-l731rl-MuiFormControl-root-MuiTextField-root"
    >
      <label
        class="MuiFormLabel-root MuiInputLabel-root MuiInputLabel-formControl MuiInputLabel-animated MuiInputLabel-sizeMedium MuiInputLabel-outlined MuiFormLabel-colorPrimary MuiInputLabel-root MuiInputLabel-formControl MuiInputLabel-animated MuiInputLabel-sizeMedium MuiInputLabel-outlined css-losdc3-MuiFormLabel-root-MuiInputLabel-root"
        data-shrink="false"
        for="combo-box-demo"
        id="combo-box-demo-label"
      >
        Movie
      </label>
      <div
        class="MuiInputBase-root MuiOutlinedInput-root MuiInputBase-colorPrimary MuiInputBase-fullWidth MuiInputBase-formControl MuiInputBase-adornedEnd MuiAutocomplete-inputRoot css-1qau66c-MuiInputBase-root-MuiOutlinedInput-root"
      >
        <input
          aria-autocomplete="list"
          aria-expanded="false"
          aria-invalid="false"
          autocapitalize="none"
          autocomplete="off"
          class="MuiInputBase-input MuiOutlinedInput-input MuiInputBase-inputAdornedEnd MuiAutocomplete-input MuiAutocomplete-inputFocused css-169ghzl-MuiInputBase-input-MuiOutlinedInput-input"
          id="combo-box-demo"
          role="combobox"
          spellcheck="false"
          type="text"
          value=""
        />
        <div
          class="MuiAutocomplete-endAdornment css-yryib1-MuiAutocomplete-endAdornment"
        >
          <button
            aria-label="Open"
            class="MuiButtonBase-root MuiIconButton-root MuiIconButton-sizeMedium MuiAutocomplete-popupIndicator css-1sickos-MuiButtonBase-root-MuiIconButton-root-MuiAutocomplete-popupIndicator"
            id=":rh:"
            tabindex="-1"
            title="Open"
            type="button"
          >
            <svg
              aria-hidden="true"
              class="MuiSvgIcon-root MuiSvgIcon-fontSizeMedium css-obgb5z-MuiSvgIcon-root"
              data-testid="ArrowDropDownIcon"
              focusable="false"
              viewBox="0 0 24 24"
            >
              <path
                d="M7 10l5 5 5-5z"
              />
            </svg>
          </button>
        </div>
        <fieldset
          aria-hidden="true"
          class="MuiOutlinedInput-notchedOutline css-1ll44ll-MuiOutlinedInput-notchedOutline"
        >
          <legend
            class="css-81qg8w"
          >
            <span>
              Movie
            </span>
          </legend>
        </fieldset>
      </div>
    </div>
  </div>
</div>
`;
