// Jest Snapshot v1, https://goo.gl/fbAQLP

exports[`CountyMap ACT theme matches the snapshot 1`] = `<div />`;

exports[`CountyMap ACT_ET theme matches the snapshot 1`] = `<div />`;

exports[`CountyMap ENCOURA theme matches the snapshot 1`] = `<div />`;

exports[`CountyMap ENCOURA_CLASSIC theme matches the snapshot 1`] = `<div />`;

exports[`CountyMap ENCOURAGE theme matches the snapshot 1`] = `<div />`;

exports[`CountyMap ENCOURAGE_E4E theme matches the snapshot 1`] = `<div />`;
