// Jest Snapshot v1, https://goo.gl/fbAQLP

exports[`Drawer ACT theme matches the snapshot 1`] = `
<div>
  <div
    class="MuiDrawer-root MuiDrawer-docked css-192bjr1-MuiDrawer-docked"
    color="primary"
  >
    <div
      class="MuiPaper-root MuiPaper-elevation MuiPaper-elevation0 MuiDrawer-paper MuiDrawer-paperAnchorLeft MuiDrawer-paperAnchorDockedLeft css-1b831fp-MuiPaper-root-MuiDrawer-paper"
    >
      Hey
    </div>
  </div>
</div>
`;

exports[`Drawer ACT_ET theme matches the snapshot 1`] = `
<div
  aria-hidden="true"
/>
`;

exports[`Drawer ENCOURA_DATALAB theme matches the snapshot 1`] = `
<div
  aria-hidden="true"
/>
`;

exports[`Drawer ENCOURAGE_E4S theme matches the snapshot 1`] = `
<div
  aria-hidden="true"
/>
`;
