// Jest Snapshot v1, https://goo.gl/fbAQLP

exports[`ThemeProvider ACT theme matches the snapshot 1`] = `
<div>
  <p>
    This is a test
  </p>
</div>
`;

exports[`ThemeProvider ACT_ET theme matches the snapshot 1`] = `
<div>
  <p>
    This is a test
  </p>
</div>
`;

exports[`ThemeProvider ENCOURA_CLASSIC theme matches the snapshot 1`] = `
<div>
  <p>
    This is a test
  </p>
</div>
`;

exports[`ThemeProvider ENCOURAGE theme matches the snapshot 1`] = `
<div>
  <p>
    This is a test
  </p>
</div>
`;
