// Jest Snapshot v1, https://goo.gl/fbAQLP

exports[`Checkbox ACT theme matches the snapshot 1`] = `
<div>
  <span
    class="MuiButtonBase-root MuiCheckbox-root MuiCheckbox-colorPrimary MuiCheckbox-sizeMedium PrivateSwitchBase-root MuiCheckbox-root MuiCheckbox-colorPrimary MuiCheckbox-sizeMedium Mui-checked MuiCheckbox-root MuiCheckbox-colorPrimary MuiCheckbox-sizeMedium css-g1g361-MuiButtonBase-root-MuiCheckbox-root"
    color="primary"
  >
    <input
      checked=""
      class="PrivateSwitchBase-input css-j8yymo"
      data-indeterminate="false"
      type="checkbox"
    />
    <svg
      aria-hidden="true"
      class="MuiSvgIcon-root MuiSvgIcon-fontSizeMedium css-z0t891-MuiSvgIcon-root"
      data-testid="CheckBoxIcon"
      focusable="false"
      viewBox="0 0 24 24"
    >
      <path
        d="M19 3H5c-1.11 0-2 .9-2 2v14c0 1.1.89 2 2 2h14c1.11 0 2-.9 2-2V5c0-1.1-.89-2-2-2zm-9 14l-5-5 1.41-1.41L10 14.17l7.59-7.59L19 8l-9 9z"
      />
    </svg>
  </span>
</div>
`;

exports[`Checkbox ACT_ET theme matches the snapshot 1`] = `
<div>
  <span
    class="MuiButtonBase-root MuiCheckbox-root MuiCheckbox-colorPrimary MuiCheckbox-sizeMedium PrivateSwitchBase-root MuiCheckbox-root MuiCheckbox-colorPrimary MuiCheckbox-sizeMedium Mui-checked MuiCheckbox-root MuiCheckbox-colorPrimary MuiCheckbox-sizeMedium css-zrh9x9-MuiButtonBase-root-MuiCheckbox-root"
  >
    <input
      checked=""
      class="PrivateSwitchBase-input css-j8yymo"
      data-indeterminate="false"
      type="checkbox"
    />
    <svg
      aria-hidden="true"
      class="MuiSvgIcon-root MuiSvgIcon-fontSizeMedium css-1k6szzt-MuiSvgIcon-root"
      data-testid="CheckBoxIcon"
      focusable="false"
      viewBox="0 0 24 24"
    >
      <path
        d="M19 3H5c-1.11 0-2 .9-2 2v14c0 1.1.89 2 2 2h14c1.11 0 2-.9 2-2V5c0-1.1-.89-2-2-2zm-9 14l-5-5 1.41-1.41L10 14.17l7.59-7.59L19 8l-9 9z"
      />
    </svg>
  </span>
</div>
`;

exports[`Checkbox ENCOURA theme matches the snapshot 1`] = `
<div>
  <span
    class="MuiButtonBase-root MuiCheckbox-root MuiCheckbox-colorPrimary MuiCheckbox-sizeMedium PrivateSwitchBase-root MuiCheckbox-root MuiCheckbox-colorPrimary MuiCheckbox-sizeMedium Mui-checked MuiCheckbox-root MuiCheckbox-colorPrimary MuiCheckbox-sizeMedium css-jh2npm-MuiButtonBase-root-MuiCheckbox-root"
  >
    <input
      checked=""
      class="PrivateSwitchBase-input css-j8yymo"
      data-indeterminate="false"
      type="checkbox"
    />
    <svg
      aria-hidden="true"
      class="MuiSvgIcon-root MuiSvgIcon-fontSizeMedium css-10r9l3z-MuiSvgIcon-root"
      data-testid="CheckBoxIcon"
      focusable="false"
      viewBox="0 0 24 24"
    >
      <path
        d="M19 3H5c-1.11 0-2 .9-2 2v14c0 1.1.89 2 2 2h14c1.11 0 2-.9 2-2V5c0-1.1-.89-2-2-2zm-9 14l-5-5 1.41-1.41L10 14.17l7.59-7.59L19 8l-9 9z"
      />
    </svg>
  </span>
</div>
`;

exports[`Checkbox ENCOURA_CLASSIC theme matches the snapshot 1`] = `
<div>
  <span
    class="MuiButtonBase-root MuiCheckbox-root MuiCheckbox-colorPrimary MuiCheckbox-sizeMedium PrivateSwitchBase-root MuiCheckbox-root MuiCheckbox-colorPrimary MuiCheckbox-sizeMedium Mui-checked MuiCheckbox-root MuiCheckbox-colorPrimary MuiCheckbox-sizeMedium css-q08pqt-MuiButtonBase-root-MuiCheckbox-root"
  >
    <input
      checked=""
      class="PrivateSwitchBase-input css-j8yymo"
      data-indeterminate="false"
      type="checkbox"
    />
    <svg
      aria-hidden="true"
      class="MuiSvgIcon-root MuiSvgIcon-fontSizeMedium css-10r9l3z-MuiSvgIcon-root"
      data-testid="CheckBoxIcon"
      focusable="false"
      viewBox="0 0 24 24"
    >
      <path
        d="M19 3H5c-1.11 0-2 .9-2 2v14c0 1.1.89 2 2 2h14c1.11 0 2-.9 2-2V5c0-1.1-.89-2-2-2zm-9 14l-5-5 1.41-1.41L10 14.17l7.59-7.59L19 8l-9 9z"
      />
    </svg>
  </span>
</div>
`;

exports[`Checkbox ENCOURAGE theme matches the snapshot 1`] = `
<div>
  <span
    class="MuiButtonBase-root MuiCheckbox-root MuiCheckbox-colorPrimary MuiCheckbox-sizeMedium PrivateSwitchBase-root MuiCheckbox-root MuiCheckbox-colorPrimary MuiCheckbox-sizeMedium Mui-checked MuiCheckbox-root MuiCheckbox-colorPrimary MuiCheckbox-sizeMedium css-lye55a-MuiButtonBase-root-MuiCheckbox-root"
  >
    <input
      checked=""
      class="PrivateSwitchBase-input css-j8yymo"
      data-indeterminate="false"
      type="checkbox"
    />
    <svg
      aria-hidden="true"
      class="MuiSvgIcon-root MuiSvgIcon-fontSizeMedium css-1k6szzt-MuiSvgIcon-root"
      data-testid="CheckBoxIcon"
      focusable="false"
      viewBox="0 0 24 24"
    >
      <path
        d="M19 3H5c-1.11 0-2 .9-2 2v14c0 1.1.89 2 2 2h14c1.11 0 2-.9 2-2V5c0-1.1-.89-2-2-2zm-9 14l-5-5 1.41-1.41L10 14.17l7.59-7.59L19 8l-9 9z"
      />
    </svg>
  </span>
</div>
`;

exports[`Checkbox ENCOURAGE_E4E theme matches the snapshot 1`] = `
<div>
  <span
    class="MuiButtonBase-root MuiCheckbox-root MuiCheckbox-colorPrimary MuiCheckbox-sizeMedium PrivateSwitchBase-root MuiCheckbox-root MuiCheckbox-colorPrimary MuiCheckbox-sizeMedium Mui-checked MuiCheckbox-root MuiCheckbox-colorPrimary MuiCheckbox-sizeMedium css-mhbvsj-MuiButtonBase-root-MuiCheckbox-root"
  >
    <input
      checked=""
      class="PrivateSwitchBase-input css-j8yymo"
      data-indeterminate="false"
      type="checkbox"
    />
    <svg
      aria-hidden="true"
      class="MuiSvgIcon-root MuiSvgIcon-fontSizeMedium css-obgb5z-MuiSvgIcon-root"
      data-testid="CheckBoxIcon"
      focusable="false"
      viewBox="0 0 24 24"
    >
      <path
        d="M19 3H5c-1.11 0-2 .9-2 2v14c0 1.1.89 2 2 2h14c1.11 0 2-.9 2-2V5c0-1.1-.89-2-2-2zm-9 14l-5-5 1.41-1.41L10 14.17l7.59-7.59L19 8l-9 9z"
      />
    </svg>
  </span>
</div>
`;
